--------------------------------------------------------------------------------
Release 14.4 Trace  (nt64)
Copyright (c) 1995-2012 Xilinx, Inc.  All rights reserved.

C:\Xilinx\14.4\ISE_DS\ISE\bin\nt64\unwrapped\trce.exe -intstyle ise -v 3 -s 3
-n 3 -fastpaths -xml Adder.twx Adder.ncd -o Adder.twr Adder.pcf

Design file:              Adder.ncd
Physical constraint file: Adder.pcf
Device,package,speed:     xc7a100t,csg324,C,-3 (ADVANCED 1.06 2012-12-04)
Report level:             verbose report

Environment Variable      Effect 
--------------------      ------ 
NONE                      No environment variables were set
--------------------------------------------------------------------------------

INFO:Timing:2698 - No timing constraints found, doing default enumeration.
INFO:Timing:3412 - To improve timing, see the Timing Closure User Guide (UG612).
INFO:Timing:2752 - To get complete path coverage, use the unconstrained paths 
   option. All paths that are not constrained will be reported in the 
   unconstrained paths section(s) of the report.
INFO:Timing:3339 - The clock-to-out numbers in this timing report are based on 
   a 50 Ohm transmission line loading model.  For the details of this model, 
   and for more information on accounting for different loading conditions, 
   please see the device datasheet.



Data Sheet report:
-----------------
All values displayed in nanoseconds (ns)

Pad to Pad
---------------+---------------+---------+
Source Pad     |Destination Pad|  Delay  |
---------------+---------------+---------+
In1<0>         |Out<0>         |    7.598|
In1<0>         |Out<1>         |    7.601|
In1<0>         |Out<2>         |    7.852|
In1<0>         |Out<3>         |    7.895|
In1<0>         |Out<4>         |    7.950|
In1<0>         |Out<5>         |    7.670|
In1<0>         |Out<6>         |    7.843|
In1<0>         |Out<7>         |    7.639|
In1<0>         |Out<8>         |    6.183|
In1<0>         |Out<9>         |    7.633|
In1<0>         |Out<10>        |    7.617|
In1<0>         |Out<11>        |    7.789|
In1<0>         |Out<12>        |    7.843|
In1<0>         |Out<13>        |    8.052|
In1<0>         |Out<14>        |    7.963|
In1<0>         |Out<15>        |    8.005|
In1<0>         |Out<16>        |    7.791|
In1<0>         |Out<17>        |    7.898|
In1<0>         |Out<18>        |    7.808|
In1<0>         |Out<19>        |    8.242|
In1<0>         |Out<20>        |    8.047|
In1<0>         |Out<21>        |    8.095|
In1<0>         |Out<22>        |    7.969|
In1<0>         |Out<23>        |    8.263|
In1<0>         |Out<24>        |    8.315|
In1<0>         |Out<25>        |    8.264|
In1<0>         |Out<26>        |    8.024|
In1<0>         |Out<27>        |    8.505|
In1<0>         |Out<28>        |    8.362|
In1<0>         |Out<29>        |    8.383|
In1<0>         |Out<30>        |    8.245|
In1<0>         |Out<31>        |    8.503|
In1<1>         |Out<1>         |    7.538|
In1<1>         |Out<2>         |    7.947|
In1<1>         |Out<3>         |    7.991|
In1<1>         |Out<4>         |    8.042|
In1<1>         |Out<5>         |    7.762|
In1<1>         |Out<6>         |    7.935|
In1<1>         |Out<7>         |    7.731|
In1<1>         |Out<8>         |    6.275|
In1<1>         |Out<9>         |    7.725|
In1<1>         |Out<10>        |    7.709|
In1<1>         |Out<11>        |    7.881|
In1<1>         |Out<12>        |    7.935|
In1<1>         |Out<13>        |    8.144|
In1<1>         |Out<14>        |    8.055|
In1<1>         |Out<15>        |    8.097|
In1<1>         |Out<16>        |    7.883|
In1<1>         |Out<17>        |    7.990|
In1<1>         |Out<18>        |    7.900|
In1<1>         |Out<19>        |    8.334|
In1<1>         |Out<20>        |    8.139|
In1<1>         |Out<21>        |    8.187|
In1<1>         |Out<22>        |    8.061|
In1<1>         |Out<23>        |    8.355|
In1<1>         |Out<24>        |    8.407|
In1<1>         |Out<25>        |    8.356|
In1<1>         |Out<26>        |    8.116|
In1<1>         |Out<27>        |    8.597|
In1<1>         |Out<28>        |    8.454|
In1<1>         |Out<29>        |    8.475|
In1<1>         |Out<30>        |    8.337|
In1<1>         |Out<31>        |    8.595|
In1<2>         |Out<2>         |    7.691|
In1<2>         |Out<3>         |    7.764|
In1<2>         |Out<4>         |    7.914|
In1<2>         |Out<5>         |    7.634|
In1<2>         |Out<6>         |    7.807|
In1<2>         |Out<7>         |    7.603|
In1<2>         |Out<8>         |    6.147|
In1<2>         |Out<9>         |    7.597|
In1<2>         |Out<10>        |    7.581|
In1<2>         |Out<11>        |    7.753|
In1<2>         |Out<12>        |    7.807|
In1<2>         |Out<13>        |    8.016|
In1<2>         |Out<14>        |    7.927|
In1<2>         |Out<15>        |    7.969|
In1<2>         |Out<16>        |    7.755|
In1<2>         |Out<17>        |    7.862|
In1<2>         |Out<18>        |    7.772|
In1<2>         |Out<19>        |    8.206|
In1<2>         |Out<20>        |    8.011|
In1<2>         |Out<21>        |    8.059|
In1<2>         |Out<22>        |    7.933|
In1<2>         |Out<23>        |    8.227|
In1<2>         |Out<24>        |    8.279|
In1<2>         |Out<25>        |    8.228|
In1<2>         |Out<26>        |    7.988|
In1<2>         |Out<27>        |    8.469|
In1<2>         |Out<28>        |    8.326|
In1<2>         |Out<29>        |    8.347|
In1<2>         |Out<30>        |    8.209|
In1<2>         |Out<31>        |    8.467|
In1<3>         |Out<3>         |    7.331|
In1<3>         |Out<4>         |    7.601|
In1<3>         |Out<5>         |    7.321|
In1<3>         |Out<6>         |    7.494|
In1<3>         |Out<7>         |    7.290|
In1<3>         |Out<8>         |    5.834|
In1<3>         |Out<9>         |    7.284|
In1<3>         |Out<10>        |    7.268|
In1<3>         |Out<11>        |    7.440|
In1<3>         |Out<12>        |    7.494|
In1<3>         |Out<13>        |    7.703|
In1<3>         |Out<14>        |    7.614|
In1<3>         |Out<15>        |    7.656|
In1<3>         |Out<16>        |    7.442|
In1<3>         |Out<17>        |    7.549|
In1<3>         |Out<18>        |    7.459|
In1<3>         |Out<19>        |    7.893|
In1<3>         |Out<20>        |    7.698|
In1<3>         |Out<21>        |    7.746|
In1<3>         |Out<22>        |    7.620|
In1<3>         |Out<23>        |    7.914|
In1<3>         |Out<24>        |    7.966|
In1<3>         |Out<25>        |    7.915|
In1<3>         |Out<26>        |    7.675|
In1<3>         |Out<27>        |    8.156|
In1<3>         |Out<28>        |    8.013|
In1<3>         |Out<29>        |    8.034|
In1<3>         |Out<30>        |    7.896|
In1<3>         |Out<31>        |    8.154|
In1<4>         |Out<4>         |    7.725|
In1<4>         |Out<5>         |    7.492|
In1<4>         |Out<6>         |    7.811|
In1<4>         |Out<7>         |    7.598|
In1<4>         |Out<8>         |    6.212|
In1<4>         |Out<9>         |    7.662|
In1<4>         |Out<10>        |    7.646|
In1<4>         |Out<11>        |    7.818|
In1<4>         |Out<12>        |    7.872|
In1<4>         |Out<13>        |    8.081|
In1<4>         |Out<14>        |    7.992|
In1<4>         |Out<15>        |    8.034|
In1<4>         |Out<16>        |    7.820|
In1<4>         |Out<17>        |    7.927|
In1<4>         |Out<18>        |    7.837|
In1<4>         |Out<19>        |    8.271|
In1<4>         |Out<20>        |    8.076|
In1<4>         |Out<21>        |    8.124|
In1<4>         |Out<22>        |    7.998|
In1<4>         |Out<23>        |    8.292|
In1<4>         |Out<24>        |    8.344|
In1<4>         |Out<25>        |    8.293|
In1<4>         |Out<26>        |    8.053|
In1<4>         |Out<27>        |    8.534|
In1<4>         |Out<28>        |    8.391|
In1<4>         |Out<29>        |    8.412|
In1<4>         |Out<30>        |    8.274|
In1<4>         |Out<31>        |    8.532|
In1<5>         |Out<5>         |    7.469|
In1<5>         |Out<6>         |    7.946|
In1<5>         |Out<7>         |    7.734|
In1<5>         |Out<8>         |    6.344|
In1<5>         |Out<9>         |    7.794|
In1<5>         |Out<10>        |    7.778|
In1<5>         |Out<11>        |    7.950|
In1<5>         |Out<12>        |    8.004|
In1<5>         |Out<13>        |    8.213|
In1<5>         |Out<14>        |    8.124|
In1<5>         |Out<15>        |    8.166|
In1<5>         |Out<16>        |    7.952|
In1<5>         |Out<17>        |    8.059|
In1<5>         |Out<18>        |    7.969|
In1<5>         |Out<19>        |    8.403|
In1<5>         |Out<20>        |    8.208|
In1<5>         |Out<21>        |    8.256|
In1<5>         |Out<22>        |    8.130|
In1<5>         |Out<23>        |    8.424|
In1<5>         |Out<24>        |    8.476|
In1<5>         |Out<25>        |    8.425|
In1<5>         |Out<26>        |    8.185|
In1<5>         |Out<27>        |    8.666|
In1<5>         |Out<28>        |    8.523|
In1<5>         |Out<29>        |    8.544|
In1<5>         |Out<30>        |    8.406|
In1<5>         |Out<31>        |    8.664|
In1<6>         |Out<6>         |    7.286|
In1<6>         |Out<7>         |    7.124|
In1<6>         |Out<8>         |    5.812|
In1<6>         |Out<9>         |    7.262|
In1<6>         |Out<10>        |    7.246|
In1<6>         |Out<11>        |    7.418|
In1<6>         |Out<12>        |    7.472|
In1<6>         |Out<13>        |    7.681|
In1<6>         |Out<14>        |    7.592|
In1<6>         |Out<15>        |    7.634|
In1<6>         |Out<16>        |    7.420|
In1<6>         |Out<17>        |    7.527|
In1<6>         |Out<18>        |    7.437|
In1<6>         |Out<19>        |    7.871|
In1<6>         |Out<20>        |    7.676|
In1<6>         |Out<21>        |    7.724|
In1<6>         |Out<22>        |    7.598|
In1<6>         |Out<23>        |    7.892|
In1<6>         |Out<24>        |    7.944|
In1<6>         |Out<25>        |    7.893|
In1<6>         |Out<26>        |    7.653|
In1<6>         |Out<27>        |    8.134|
In1<6>         |Out<28>        |    7.991|
In1<6>         |Out<29>        |    8.012|
In1<6>         |Out<30>        |    7.874|
In1<6>         |Out<31>        |    8.132|
In1<7>         |Out<7>         |    7.312|
In1<7>         |Out<8>         |    6.094|
In1<7>         |Out<9>         |    7.544|
In1<7>         |Out<10>        |    7.528|
In1<7>         |Out<11>        |    7.700|
In1<7>         |Out<12>        |    7.754|
In1<7>         |Out<13>        |    7.963|
In1<7>         |Out<14>        |    7.874|
In1<7>         |Out<15>        |    7.916|
In1<7>         |Out<16>        |    7.702|
In1<7>         |Out<17>        |    7.809|
In1<7>         |Out<18>        |    7.719|
In1<7>         |Out<19>        |    8.153|
In1<7>         |Out<20>        |    7.958|
In1<7>         |Out<21>        |    8.006|
In1<7>         |Out<22>        |    7.880|
In1<7>         |Out<23>        |    8.174|
In1<7>         |Out<24>        |    8.226|
In1<7>         |Out<25>        |    8.175|
In1<7>         |Out<26>        |    7.935|
In1<7>         |Out<27>        |    8.416|
In1<7>         |Out<28>        |    8.273|
In1<7>         |Out<29>        |    8.294|
In1<7>         |Out<30>        |    8.156|
In1<7>         |Out<31>        |    8.414|
In1<8>         |Out<8>         |    6.033|
In1<8>         |Out<9>         |    7.530|
In1<8>         |Out<10>        |    7.660|
In1<8>         |Out<11>        |    7.823|
In1<8>         |Out<12>        |    7.947|
In1<8>         |Out<13>        |    8.156|
In1<8>         |Out<14>        |    8.067|
In1<8>         |Out<15>        |    8.109|
In1<8>         |Out<16>        |    7.895|
In1<8>         |Out<17>        |    8.002|
In1<8>         |Out<18>        |    7.912|
In1<8>         |Out<19>        |    8.346|
In1<8>         |Out<20>        |    8.151|
In1<8>         |Out<21>        |    8.199|
In1<8>         |Out<22>        |    8.073|
In1<8>         |Out<23>        |    8.367|
In1<8>         |Out<24>        |    8.419|
In1<8>         |Out<25>        |    8.368|
In1<8>         |Out<26>        |    8.128|
In1<8>         |Out<27>        |    8.609|
In1<8>         |Out<28>        |    8.466|
In1<8>         |Out<29>        |    8.487|
In1<8>         |Out<30>        |    8.349|
In1<8>         |Out<31>        |    8.607|
In1<9>         |Out<9>         |    7.469|
In1<9>         |Out<10>        |    7.757|
In1<9>         |Out<11>        |    7.921|
In1<9>         |Out<12>        |    8.041|
In1<9>         |Out<13>        |    8.250|
In1<9>         |Out<14>        |    8.161|
In1<9>         |Out<15>        |    8.203|
In1<9>         |Out<16>        |    7.989|
In1<9>         |Out<17>        |    8.096|
In1<9>         |Out<18>        |    8.006|
In1<9>         |Out<19>        |    8.440|
In1<9>         |Out<20>        |    8.245|
In1<9>         |Out<21>        |    8.293|
In1<9>         |Out<22>        |    8.167|
In1<9>         |Out<23>        |    8.461|
In1<9>         |Out<24>        |    8.513|
In1<9>         |Out<25>        |    8.462|
In1<9>         |Out<26>        |    8.222|
In1<9>         |Out<27>        |    8.703|
In1<9>         |Out<28>        |    8.560|
In1<9>         |Out<29>        |    8.581|
In1<9>         |Out<30>        |    8.443|
In1<9>         |Out<31>        |    8.701|
In1<10>        |Out<10>        |    7.521|
In1<10>        |Out<11>        |    7.714|
In1<10>        |Out<12>        |    7.933|
In1<10>        |Out<13>        |    8.142|
In1<10>        |Out<14>        |    8.053|
In1<10>        |Out<15>        |    8.095|
In1<10>        |Out<16>        |    7.881|
In1<10>        |Out<17>        |    7.988|
In1<10>        |Out<18>        |    7.898|
In1<10>        |Out<19>        |    8.332|
In1<10>        |Out<20>        |    8.137|
In1<10>        |Out<21>        |    8.185|
In1<10>        |Out<22>        |    8.059|
In1<10>        |Out<23>        |    8.353|
In1<10>        |Out<24>        |    8.405|
In1<10>        |Out<25>        |    8.354|
In1<10>        |Out<26>        |    8.114|
In1<10>        |Out<27>        |    8.595|
In1<10>        |Out<28>        |    8.452|
In1<10>        |Out<29>        |    8.473|
In1<10>        |Out<30>        |    8.335|
In1<10>        |Out<31>        |    8.593|
In1<11>        |Out<11>        |    7.543|
In1<11>        |Out<12>        |    7.835|
In1<11>        |Out<13>        |    8.044|
In1<11>        |Out<14>        |    7.955|
In1<11>        |Out<15>        |    7.997|
In1<11>        |Out<16>        |    7.783|
In1<11>        |Out<17>        |    7.890|
In1<11>        |Out<18>        |    7.800|
In1<11>        |Out<19>        |    8.234|
In1<11>        |Out<20>        |    8.039|
In1<11>        |Out<21>        |    8.087|
In1<11>        |Out<22>        |    7.961|
In1<11>        |Out<23>        |    8.255|
In1<11>        |Out<24>        |    8.307|
In1<11>        |Out<25>        |    8.256|
In1<11>        |Out<26>        |    8.016|
In1<11>        |Out<27>        |    8.497|
In1<11>        |Out<28>        |    8.354|
In1<11>        |Out<29>        |    8.375|
In1<11>        |Out<30>        |    8.237|
In1<11>        |Out<31>        |    8.495|
In1<12>        |Out<12>        |    7.761|
In1<12>        |Out<13>        |    8.017|
In1<12>        |Out<14>        |    8.074|
In1<12>        |Out<15>        |    8.107|
In1<12>        |Out<16>        |    7.963|
In1<12>        |Out<17>        |    8.070|
In1<12>        |Out<18>        |    7.980|
In1<12>        |Out<19>        |    8.414|
In1<12>        |Out<20>        |    8.219|
In1<12>        |Out<21>        |    8.267|
In1<12>        |Out<22>        |    8.141|
In1<12>        |Out<23>        |    8.435|
In1<12>        |Out<24>        |    8.487|
In1<12>        |Out<25>        |    8.436|
In1<12>        |Out<26>        |    8.196|
In1<12>        |Out<27>        |    8.677|
In1<12>        |Out<28>        |    8.534|
In1<12>        |Out<29>        |    8.555|
In1<12>        |Out<30>        |    8.417|
In1<12>        |Out<31>        |    8.675|
In1<13>        |Out<13>        |    7.805|
In1<13>        |Out<14>        |    8.020|
In1<13>        |Out<15>        |    8.054|
In1<13>        |Out<16>        |    7.906|
In1<13>        |Out<17>        |    8.013|
In1<13>        |Out<18>        |    7.923|
In1<13>        |Out<19>        |    8.357|
In1<13>        |Out<20>        |    8.162|
In1<13>        |Out<21>        |    8.210|
In1<13>        |Out<22>        |    8.084|
In1<13>        |Out<23>        |    8.378|
In1<13>        |Out<24>        |    8.430|
In1<13>        |Out<25>        |    8.379|
In1<13>        |Out<26>        |    8.139|
In1<13>        |Out<27>        |    8.620|
In1<13>        |Out<28>        |    8.477|
In1<13>        |Out<29>        |    8.498|
In1<13>        |Out<30>        |    8.360|
In1<13>        |Out<31>        |    8.618|
In1<14>        |Out<14>        |    7.868|
In1<14>        |Out<15>        |    7.931|
In1<14>        |Out<16>        |    7.882|
In1<14>        |Out<17>        |    7.989|
In1<14>        |Out<18>        |    7.899|
In1<14>        |Out<19>        |    8.333|
In1<14>        |Out<20>        |    8.138|
In1<14>        |Out<21>        |    8.186|
In1<14>        |Out<22>        |    8.060|
In1<14>        |Out<23>        |    8.354|
In1<14>        |Out<24>        |    8.406|
In1<14>        |Out<25>        |    8.355|
In1<14>        |Out<26>        |    8.115|
In1<14>        |Out<27>        |    8.596|
In1<14>        |Out<28>        |    8.453|
In1<14>        |Out<29>        |    8.474|
In1<14>        |Out<30>        |    8.336|
In1<14>        |Out<31>        |    8.594|
In1<15>        |Out<15>        |    7.804|
In1<15>        |Out<16>        |    7.828|
In1<15>        |Out<17>        |    7.935|
In1<15>        |Out<18>        |    7.845|
In1<15>        |Out<19>        |    8.279|
In1<15>        |Out<20>        |    8.084|
In1<15>        |Out<21>        |    8.132|
In1<15>        |Out<22>        |    8.006|
In1<15>        |Out<23>        |    8.300|
In1<15>        |Out<24>        |    8.352|
In1<15>        |Out<25>        |    8.301|
In1<15>        |Out<26>        |    8.061|
In1<15>        |Out<27>        |    8.542|
In1<15>        |Out<28>        |    8.399|
In1<15>        |Out<29>        |    8.420|
In1<15>        |Out<30>        |    8.282|
In1<15>        |Out<31>        |    8.540|
In1<16>        |Out<16>        |    7.755|
In1<16>        |Out<17>        |    7.909|
In1<16>        |Out<18>        |    7.965|
In1<16>        |Out<19>        |    8.390|
In1<16>        |Out<20>        |    8.265|
In1<16>        |Out<21>        |    8.313|
In1<16>        |Out<22>        |    8.187|
In1<16>        |Out<23>        |    8.481|
In1<16>        |Out<24>        |    8.533|
In1<16>        |Out<25>        |    8.482|
In1<16>        |Out<26>        |    8.242|
In1<16>        |Out<27>        |    8.723|
In1<16>        |Out<28>        |    8.580|
In1<16>        |Out<29>        |    8.601|
In1<16>        |Out<30>        |    8.463|
In1<16>        |Out<31>        |    8.721|
In1<17>        |Out<17>        |    7.467|
In1<17>        |Out<18>        |    7.681|
In1<17>        |Out<19>        |    8.107|
In1<17>        |Out<20>        |    7.978|
In1<17>        |Out<21>        |    8.026|
In1<17>        |Out<22>        |    7.900|
In1<17>        |Out<23>        |    8.194|
In1<17>        |Out<24>        |    8.246|
In1<17>        |Out<25>        |    8.195|
In1<17>        |Out<26>        |    7.955|
In1<17>        |Out<27>        |    8.436|
In1<17>        |Out<28>        |    8.293|
In1<17>        |Out<29>        |    8.314|
In1<17>        |Out<30>        |    8.176|
In1<17>        |Out<31>        |    8.434|
In1<18>        |Out<18>        |    8.775|
In1<18>        |Out<19>        |    9.230|
In1<18>        |Out<20>        |    9.200|
In1<18>        |Out<21>        |    9.248|
In1<18>        |Out<22>        |    9.122|
In1<18>        |Out<23>        |    9.416|
In1<18>        |Out<24>        |    9.468|
In1<18>        |Out<25>        |    9.417|
In1<18>        |Out<26>        |    9.177|
In1<18>        |Out<27>        |    9.658|
In1<18>        |Out<28>        |    9.515|
In1<18>        |Out<29>        |    9.536|
In1<18>        |Out<30>        |    9.398|
In1<18>        |Out<31>        |    9.656|
In1<19>        |Out<19>        |    9.074|
In1<19>        |Out<20>        |    9.117|
In1<19>        |Out<21>        |    9.165|
In1<19>        |Out<22>        |    9.039|
In1<19>        |Out<23>        |    9.333|
In1<19>        |Out<24>        |    9.385|
In1<19>        |Out<25>        |    9.334|
In1<19>        |Out<26>        |    9.094|
In1<19>        |Out<27>        |    9.575|
In1<19>        |Out<28>        |    9.432|
In1<19>        |Out<29>        |    9.453|
In1<19>        |Out<30>        |    9.315|
In1<19>        |Out<31>        |    9.573|
In1<20>        |Out<20>        |    8.751|
In1<20>        |Out<21>        |    8.846|
In1<20>        |Out<22>        |    8.866|
In1<20>        |Out<23>        |    9.151|
In1<20>        |Out<24>        |    9.273|
In1<20>        |Out<25>        |    9.222|
In1<20>        |Out<26>        |    8.982|
In1<20>        |Out<27>        |    9.463|
In1<20>        |Out<28>        |    9.320|
In1<20>        |Out<29>        |    9.341|
In1<20>        |Out<30>        |    9.203|
In1<20>        |Out<31>        |    9.461|
In1<21>        |Out<21>        |    8.968|
In1<21>        |Out<22>        |    9.146|
In1<21>        |Out<23>        |    9.432|
In1<21>        |Out<24>        |    9.550|
In1<21>        |Out<25>        |    9.499|
In1<21>        |Out<26>        |    9.259|
In1<21>        |Out<27>        |    9.740|
In1<21>        |Out<28>        |    9.597|
In1<21>        |Out<29>        |    9.618|
In1<21>        |Out<30>        |    9.480|
In1<21>        |Out<31>        |    9.738|
In1<22>        |Out<22>        |    9.082|
In1<22>        |Out<23>        |    9.397|
In1<22>        |Out<24>        |    9.614|
In1<22>        |Out<25>        |    9.563|
In1<22>        |Out<26>        |    9.323|
In1<22>        |Out<27>        |    9.804|
In1<22>        |Out<28>        |    9.661|
In1<22>        |Out<29>        |    9.682|
In1<22>        |Out<30>        |    9.544|
In1<22>        |Out<31>        |    9.802|
In1<23>        |Out<23>        |    9.004|
In1<23>        |Out<24>        |    9.294|
In1<23>        |Out<25>        |    9.243|
In1<23>        |Out<26>        |    9.003|
In1<23>        |Out<27>        |    9.484|
In1<23>        |Out<28>        |    9.341|
In1<23>        |Out<29>        |    9.362|
In1<23>        |Out<30>        |    9.224|
In1<23>        |Out<31>        |    9.482|
In1<24>        |Out<24>        |    9.271|
In1<24>        |Out<25>        |    9.267|
In1<24>        |Out<26>        |    9.173|
In1<24>        |Out<27>        |    9.645|
In1<24>        |Out<28>        |    9.572|
In1<24>        |Out<29>        |    9.593|
In1<24>        |Out<30>        |    9.455|
In1<24>        |Out<31>        |    9.713|
In1<25>        |Out<25>        |    9.140|
In1<25>        |Out<26>        |    9.204|
In1<25>        |Out<27>        |    9.677|
In1<25>        |Out<28>        |    9.600|
In1<25>        |Out<29>        |    9.621|
In1<25>        |Out<30>        |    9.483|
In1<25>        |Out<31>        |    9.741|
In1<26>        |Out<26>        |    8.903|
In1<26>        |Out<27>        |    9.405|
In1<26>        |Out<28>        |    9.427|
In1<26>        |Out<29>        |    9.448|
In1<26>        |Out<30>        |    9.310|
In1<26>        |Out<31>        |    9.568|
In1<27>        |Out<27>        |    9.284|
In1<27>        |Out<28>        |    9.379|
In1<27>        |Out<29>        |    9.400|
In1<27>        |Out<30>        |    9.262|
In1<27>        |Out<31>        |    9.520|
In1<28>        |Out<28>        |    8.944|
In1<28>        |Out<29>        |    9.012|
In1<28>        |Out<30>        |    9.020|
In1<28>        |Out<31>        |    9.269|
In1<29>        |Out<29>        |    8.776|
In1<29>        |Out<30>        |    8.942|
In1<29>        |Out<31>        |    9.192|
In1<30>        |Out<30>        |    8.700|
In1<30>        |Out<31>        |    8.979|
In1<31>        |Out<31>        |    8.926|
In2<0>         |Out<0>         |    8.062|
In2<0>         |Out<1>         |    8.065|
In2<0>         |Out<2>         |    8.316|
In2<0>         |Out<3>         |    8.359|
In2<0>         |Out<4>         |    8.414|
In2<0>         |Out<5>         |    8.134|
In2<0>         |Out<6>         |    8.307|
In2<0>         |Out<7>         |    8.103|
In2<0>         |Out<8>         |    6.647|
In2<0>         |Out<9>         |    8.097|
In2<0>         |Out<10>        |    8.081|
In2<0>         |Out<11>        |    8.253|
In2<0>         |Out<12>        |    8.307|
In2<0>         |Out<13>        |    8.516|
In2<0>         |Out<14>        |    8.427|
In2<0>         |Out<15>        |    8.469|
In2<0>         |Out<16>        |    8.255|
In2<0>         |Out<17>        |    8.362|
In2<0>         |Out<18>        |    8.272|
In2<0>         |Out<19>        |    8.706|
In2<0>         |Out<20>        |    8.511|
In2<0>         |Out<21>        |    8.559|
In2<0>         |Out<22>        |    8.433|
In2<0>         |Out<23>        |    8.727|
In2<0>         |Out<24>        |    8.779|
In2<0>         |Out<25>        |    8.728|
In2<0>         |Out<26>        |    8.488|
In2<0>         |Out<27>        |    8.969|
In2<0>         |Out<28>        |    8.826|
In2<0>         |Out<29>        |    8.847|
In2<0>         |Out<30>        |    8.709|
In2<0>         |Out<31>        |    8.967|
In2<1>         |Out<1>         |    7.742|
In2<1>         |Out<2>         |    8.151|
In2<1>         |Out<3>         |    8.195|
In2<1>         |Out<4>         |    8.246|
In2<1>         |Out<5>         |    7.966|
In2<1>         |Out<6>         |    8.139|
In2<1>         |Out<7>         |    7.935|
In2<1>         |Out<8>         |    6.479|
In2<1>         |Out<9>         |    7.929|
In2<1>         |Out<10>        |    7.913|
In2<1>         |Out<11>        |    8.085|
In2<1>         |Out<12>        |    8.139|
In2<1>         |Out<13>        |    8.348|
In2<1>         |Out<14>        |    8.259|
In2<1>         |Out<15>        |    8.301|
In2<1>         |Out<16>        |    8.087|
In2<1>         |Out<17>        |    8.194|
In2<1>         |Out<18>        |    8.104|
In2<1>         |Out<19>        |    8.538|
In2<1>         |Out<20>        |    8.343|
In2<1>         |Out<21>        |    8.391|
In2<1>         |Out<22>        |    8.265|
In2<1>         |Out<23>        |    8.559|
In2<1>         |Out<24>        |    8.611|
In2<1>         |Out<25>        |    8.560|
In2<1>         |Out<26>        |    8.320|
In2<1>         |Out<27>        |    8.801|
In2<1>         |Out<28>        |    8.658|
In2<1>         |Out<29>        |    8.679|
In2<1>         |Out<30>        |    8.541|
In2<1>         |Out<31>        |    8.799|
In2<2>         |Out<2>         |    8.136|
In2<2>         |Out<3>         |    8.209|
In2<2>         |Out<4>         |    8.359|
In2<2>         |Out<5>         |    8.079|
In2<2>         |Out<6>         |    8.252|
In2<2>         |Out<7>         |    8.048|
In2<2>         |Out<8>         |    6.592|
In2<2>         |Out<9>         |    8.042|
In2<2>         |Out<10>        |    8.026|
In2<2>         |Out<11>        |    8.198|
In2<2>         |Out<12>        |    8.252|
In2<2>         |Out<13>        |    8.461|
In2<2>         |Out<14>        |    8.372|
In2<2>         |Out<15>        |    8.414|
In2<2>         |Out<16>        |    8.200|
In2<2>         |Out<17>        |    8.307|
In2<2>         |Out<18>        |    8.217|
In2<2>         |Out<19>        |    8.651|
In2<2>         |Out<20>        |    8.456|
In2<2>         |Out<21>        |    8.504|
In2<2>         |Out<22>        |    8.378|
In2<2>         |Out<23>        |    8.672|
In2<2>         |Out<24>        |    8.724|
In2<2>         |Out<25>        |    8.673|
In2<2>         |Out<26>        |    8.433|
In2<2>         |Out<27>        |    8.914|
In2<2>         |Out<28>        |    8.771|
In2<2>         |Out<29>        |    8.792|
In2<2>         |Out<30>        |    8.654|
In2<2>         |Out<31>        |    8.912|
In2<3>         |Out<3>         |    8.245|
In2<3>         |Out<4>         |    8.468|
In2<3>         |Out<5>         |    8.188|
In2<3>         |Out<6>         |    8.361|
In2<3>         |Out<7>         |    8.157|
In2<3>         |Out<8>         |    6.701|
In2<3>         |Out<9>         |    8.151|
In2<3>         |Out<10>        |    8.135|
In2<3>         |Out<11>        |    8.307|
In2<3>         |Out<12>        |    8.361|
In2<3>         |Out<13>        |    8.570|
In2<3>         |Out<14>        |    8.481|
In2<3>         |Out<15>        |    8.523|
In2<3>         |Out<16>        |    8.309|
In2<3>         |Out<17>        |    8.416|
In2<3>         |Out<18>        |    8.326|
In2<3>         |Out<19>        |    8.760|
In2<3>         |Out<20>        |    8.565|
In2<3>         |Out<21>        |    8.613|
In2<3>         |Out<22>        |    8.487|
In2<3>         |Out<23>        |    8.781|
In2<3>         |Out<24>        |    8.833|
In2<3>         |Out<25>        |    8.782|
In2<3>         |Out<26>        |    8.542|
In2<3>         |Out<27>        |    9.023|
In2<3>         |Out<28>        |    8.880|
In2<3>         |Out<29>        |    8.901|
In2<3>         |Out<30>        |    8.763|
In2<3>         |Out<31>        |    9.021|
In2<4>         |Out<4>         |    7.801|
In2<4>         |Out<5>         |    7.568|
In2<4>         |Out<6>         |    7.887|
In2<4>         |Out<7>         |    7.674|
In2<4>         |Out<8>         |    6.288|
In2<4>         |Out<9>         |    7.738|
In2<4>         |Out<10>        |    7.722|
In2<4>         |Out<11>        |    7.894|
In2<4>         |Out<12>        |    7.948|
In2<4>         |Out<13>        |    8.157|
In2<4>         |Out<14>        |    8.068|
In2<4>         |Out<15>        |    8.110|
In2<4>         |Out<16>        |    7.896|
In2<4>         |Out<17>        |    8.003|
In2<4>         |Out<18>        |    7.913|
In2<4>         |Out<19>        |    8.347|
In2<4>         |Out<20>        |    8.152|
In2<4>         |Out<21>        |    8.200|
In2<4>         |Out<22>        |    8.074|
In2<4>         |Out<23>        |    8.368|
In2<4>         |Out<24>        |    8.420|
In2<4>         |Out<25>        |    8.369|
In2<4>         |Out<26>        |    8.129|
In2<4>         |Out<27>        |    8.610|
In2<4>         |Out<28>        |    8.467|
In2<4>         |Out<29>        |    8.488|
In2<4>         |Out<30>        |    8.350|
In2<4>         |Out<31>        |    8.608|
In2<5>         |Out<5>         |    7.737|
In2<5>         |Out<6>         |    8.214|
In2<5>         |Out<7>         |    8.002|
In2<5>         |Out<8>         |    6.612|
In2<5>         |Out<9>         |    8.062|
In2<5>         |Out<10>        |    8.046|
In2<5>         |Out<11>        |    8.218|
In2<5>         |Out<12>        |    8.272|
In2<5>         |Out<13>        |    8.481|
In2<5>         |Out<14>        |    8.392|
In2<5>         |Out<15>        |    8.434|
In2<5>         |Out<16>        |    8.220|
In2<5>         |Out<17>        |    8.327|
In2<5>         |Out<18>        |    8.237|
In2<5>         |Out<19>        |    8.671|
In2<5>         |Out<20>        |    8.476|
In2<5>         |Out<21>        |    8.524|
In2<5>         |Out<22>        |    8.398|
In2<5>         |Out<23>        |    8.692|
In2<5>         |Out<24>        |    8.744|
In2<5>         |Out<25>        |    8.693|
In2<5>         |Out<26>        |    8.453|
In2<5>         |Out<27>        |    8.934|
In2<5>         |Out<28>        |    8.791|
In2<5>         |Out<29>        |    8.812|
In2<5>         |Out<30>        |    8.674|
In2<5>         |Out<31>        |    8.932|
In2<6>         |Out<6>         |    7.977|
In2<6>         |Out<7>         |    7.794|
In2<6>         |Out<8>         |    6.503|
In2<6>         |Out<9>         |    7.953|
In2<6>         |Out<10>        |    7.937|
In2<6>         |Out<11>        |    8.109|
In2<6>         |Out<12>        |    8.163|
In2<6>         |Out<13>        |    8.372|
In2<6>         |Out<14>        |    8.283|
In2<6>         |Out<15>        |    8.325|
In2<6>         |Out<16>        |    8.111|
In2<6>         |Out<17>        |    8.218|
In2<6>         |Out<18>        |    8.128|
In2<6>         |Out<19>        |    8.562|
In2<6>         |Out<20>        |    8.367|
In2<6>         |Out<21>        |    8.415|
In2<6>         |Out<22>        |    8.289|
In2<6>         |Out<23>        |    8.583|
In2<6>         |Out<24>        |    8.635|
In2<6>         |Out<25>        |    8.584|
In2<6>         |Out<26>        |    8.344|
In2<6>         |Out<27>        |    8.825|
In2<6>         |Out<28>        |    8.682|
In2<6>         |Out<29>        |    8.703|
In2<6>         |Out<30>        |    8.565|
In2<6>         |Out<31>        |    8.823|
In2<7>         |Out<7>         |    7.625|
In2<7>         |Out<8>         |    6.407|
In2<7>         |Out<9>         |    7.857|
In2<7>         |Out<10>        |    7.841|
In2<7>         |Out<11>        |    8.013|
In2<7>         |Out<12>        |    8.067|
In2<7>         |Out<13>        |    8.276|
In2<7>         |Out<14>        |    8.187|
In2<7>         |Out<15>        |    8.229|
In2<7>         |Out<16>        |    8.015|
In2<7>         |Out<17>        |    8.122|
In2<7>         |Out<18>        |    8.032|
In2<7>         |Out<19>        |    8.466|
In2<7>         |Out<20>        |    8.271|
In2<7>         |Out<21>        |    8.319|
In2<7>         |Out<22>        |    8.193|
In2<7>         |Out<23>        |    8.487|
In2<7>         |Out<24>        |    8.539|
In2<7>         |Out<25>        |    8.488|
In2<7>         |Out<26>        |    8.248|
In2<7>         |Out<27>        |    8.729|
In2<7>         |Out<28>        |    8.586|
In2<7>         |Out<29>        |    8.607|
In2<7>         |Out<30>        |    8.469|
In2<7>         |Out<31>        |    8.727|
In2<8>         |Out<8>         |    6.146|
In2<8>         |Out<9>         |    7.643|
In2<8>         |Out<10>        |    7.773|
In2<8>         |Out<11>        |    7.936|
In2<8>         |Out<12>        |    8.060|
In2<8>         |Out<13>        |    8.269|
In2<8>         |Out<14>        |    8.180|
In2<8>         |Out<15>        |    8.222|
In2<8>         |Out<16>        |    8.008|
In2<8>         |Out<17>        |    8.115|
In2<8>         |Out<18>        |    8.025|
In2<8>         |Out<19>        |    8.459|
In2<8>         |Out<20>        |    8.264|
In2<8>         |Out<21>        |    8.312|
In2<8>         |Out<22>        |    8.186|
In2<8>         |Out<23>        |    8.480|
In2<8>         |Out<24>        |    8.532|
In2<8>         |Out<25>        |    8.481|
In2<8>         |Out<26>        |    8.241|
In2<8>         |Out<27>        |    8.722|
In2<8>         |Out<28>        |    8.579|
In2<8>         |Out<29>        |    8.600|
In2<8>         |Out<30>        |    8.462|
In2<8>         |Out<31>        |    8.720|
In2<9>         |Out<9>         |    7.477|
In2<9>         |Out<10>        |    7.765|
In2<9>         |Out<11>        |    7.929|
In2<9>         |Out<12>        |    8.049|
In2<9>         |Out<13>        |    8.258|
In2<9>         |Out<14>        |    8.169|
In2<9>         |Out<15>        |    8.211|
In2<9>         |Out<16>        |    7.997|
In2<9>         |Out<17>        |    8.104|
In2<9>         |Out<18>        |    8.014|
In2<9>         |Out<19>        |    8.448|
In2<9>         |Out<20>        |    8.253|
In2<9>         |Out<21>        |    8.301|
In2<9>         |Out<22>        |    8.175|
In2<9>         |Out<23>        |    8.469|
In2<9>         |Out<24>        |    8.521|
In2<9>         |Out<25>        |    8.470|
In2<9>         |Out<26>        |    8.230|
In2<9>         |Out<27>        |    8.711|
In2<9>         |Out<28>        |    8.568|
In2<9>         |Out<29>        |    8.589|
In2<9>         |Out<30>        |    8.451|
In2<9>         |Out<31>        |    8.709|
In2<10>        |Out<10>        |    7.514|
In2<10>        |Out<11>        |    7.707|
In2<10>        |Out<12>        |    7.926|
In2<10>        |Out<13>        |    8.135|
In2<10>        |Out<14>        |    8.046|
In2<10>        |Out<15>        |    8.088|
In2<10>        |Out<16>        |    7.874|
In2<10>        |Out<17>        |    7.981|
In2<10>        |Out<18>        |    7.891|
In2<10>        |Out<19>        |    8.325|
In2<10>        |Out<20>        |    8.130|
In2<10>        |Out<21>        |    8.178|
In2<10>        |Out<22>        |    8.052|
In2<10>        |Out<23>        |    8.346|
In2<10>        |Out<24>        |    8.398|
In2<10>        |Out<25>        |    8.347|
In2<10>        |Out<26>        |    8.107|
In2<10>        |Out<27>        |    8.588|
In2<10>        |Out<28>        |    8.445|
In2<10>        |Out<29>        |    8.466|
In2<10>        |Out<30>        |    8.328|
In2<10>        |Out<31>        |    8.586|
In2<11>        |Out<11>        |    7.600|
In2<11>        |Out<12>        |    7.892|
In2<11>        |Out<13>        |    8.101|
In2<11>        |Out<14>        |    8.012|
In2<11>        |Out<15>        |    8.054|
In2<11>        |Out<16>        |    7.840|
In2<11>        |Out<17>        |    7.947|
In2<11>        |Out<18>        |    7.857|
In2<11>        |Out<19>        |    8.291|
In2<11>        |Out<20>        |    8.096|
In2<11>        |Out<21>        |    8.144|
In2<11>        |Out<22>        |    8.018|
In2<11>        |Out<23>        |    8.312|
In2<11>        |Out<24>        |    8.364|
In2<11>        |Out<25>        |    8.313|
In2<11>        |Out<26>        |    8.073|
In2<11>        |Out<27>        |    8.554|
In2<11>        |Out<28>        |    8.411|
In2<11>        |Out<29>        |    8.432|
In2<11>        |Out<30>        |    8.294|
In2<11>        |Out<31>        |    8.552|
In2<12>        |Out<12>        |    7.168|
In2<12>        |Out<13>        |    7.424|
In2<12>        |Out<14>        |    7.481|
In2<12>        |Out<15>        |    7.514|
In2<12>        |Out<16>        |    7.370|
In2<12>        |Out<17>        |    7.477|
In2<12>        |Out<18>        |    7.387|
In2<12>        |Out<19>        |    7.821|
In2<12>        |Out<20>        |    7.626|
In2<12>        |Out<21>        |    7.674|
In2<12>        |Out<22>        |    7.548|
In2<12>        |Out<23>        |    7.842|
In2<12>        |Out<24>        |    7.894|
In2<12>        |Out<25>        |    7.843|
In2<12>        |Out<26>        |    7.603|
In2<12>        |Out<27>        |    8.084|
In2<12>        |Out<28>        |    7.941|
In2<12>        |Out<29>        |    7.962|
In2<12>        |Out<30>        |    7.824|
In2<12>        |Out<31>        |    8.082|
In2<13>        |Out<13>        |    7.470|
In2<13>        |Out<14>        |    7.685|
In2<13>        |Out<15>        |    7.719|
In2<13>        |Out<16>        |    7.571|
In2<13>        |Out<17>        |    7.678|
In2<13>        |Out<18>        |    7.588|
In2<13>        |Out<19>        |    8.022|
In2<13>        |Out<20>        |    7.827|
In2<13>        |Out<21>        |    7.875|
In2<13>        |Out<22>        |    7.749|
In2<13>        |Out<23>        |    8.043|
In2<13>        |Out<24>        |    8.095|
In2<13>        |Out<25>        |    8.044|
In2<13>        |Out<26>        |    7.804|
In2<13>        |Out<27>        |    8.285|
In2<13>        |Out<28>        |    8.142|
In2<13>        |Out<29>        |    8.163|
In2<13>        |Out<30>        |    8.025|
In2<13>        |Out<31>        |    8.283|
In2<14>        |Out<14>        |    7.314|
In2<14>        |Out<15>        |    7.377|
In2<14>        |Out<16>        |    7.328|
In2<14>        |Out<17>        |    7.435|
In2<14>        |Out<18>        |    7.345|
In2<14>        |Out<19>        |    7.779|
In2<14>        |Out<20>        |    7.584|
In2<14>        |Out<21>        |    7.632|
In2<14>        |Out<22>        |    7.506|
In2<14>        |Out<23>        |    7.800|
In2<14>        |Out<24>        |    7.852|
In2<14>        |Out<25>        |    7.801|
In2<14>        |Out<26>        |    7.561|
In2<14>        |Out<27>        |    8.042|
In2<14>        |Out<28>        |    7.899|
In2<14>        |Out<29>        |    7.920|
In2<14>        |Out<30>        |    7.782|
In2<14>        |Out<31>        |    8.040|
In2<15>        |Out<15>        |    7.308|
In2<15>        |Out<16>        |    7.332|
In2<15>        |Out<17>        |    7.439|
In2<15>        |Out<18>        |    7.349|
In2<15>        |Out<19>        |    7.783|
In2<15>        |Out<20>        |    7.588|
In2<15>        |Out<21>        |    7.636|
In2<15>        |Out<22>        |    7.510|
In2<15>        |Out<23>        |    7.804|
In2<15>        |Out<24>        |    7.856|
In2<15>        |Out<25>        |    7.805|
In2<15>        |Out<26>        |    7.565|
In2<15>        |Out<27>        |    8.046|
In2<15>        |Out<28>        |    7.903|
In2<15>        |Out<29>        |    7.924|
In2<15>        |Out<30>        |    7.786|
In2<15>        |Out<31>        |    8.044|
In2<16>        |Out<16>        |    6.905|
In2<16>        |Out<17>        |    7.059|
In2<16>        |Out<18>        |    7.115|
In2<16>        |Out<19>        |    7.540|
In2<16>        |Out<20>        |    7.415|
In2<16>        |Out<21>        |    7.463|
In2<16>        |Out<22>        |    7.337|
In2<16>        |Out<23>        |    7.631|
In2<16>        |Out<24>        |    7.683|
In2<16>        |Out<25>        |    7.632|
In2<16>        |Out<26>        |    7.392|
In2<16>        |Out<27>        |    7.873|
In2<16>        |Out<28>        |    7.730|
In2<16>        |Out<29>        |    7.751|
In2<16>        |Out<30>        |    7.613|
In2<16>        |Out<31>        |    7.871|
In2<17>        |Out<17>        |    6.999|
In2<17>        |Out<18>        |    7.213|
In2<17>        |Out<19>        |    7.639|
In2<17>        |Out<20>        |    7.510|
In2<17>        |Out<21>        |    7.558|
In2<17>        |Out<22>        |    7.432|
In2<17>        |Out<23>        |    7.726|
In2<17>        |Out<24>        |    7.778|
In2<17>        |Out<25>        |    7.727|
In2<17>        |Out<26>        |    7.487|
In2<17>        |Out<27>        |    7.968|
In2<17>        |Out<28>        |    7.825|
In2<17>        |Out<29>        |    7.846|
In2<17>        |Out<30>        |    7.708|
In2<17>        |Out<31>        |    7.966|
In2<18>        |Out<18>        |    7.139|
In2<18>        |Out<19>        |    7.594|
In2<18>        |Out<20>        |    7.564|
In2<18>        |Out<21>        |    7.612|
In2<18>        |Out<22>        |    7.486|
In2<18>        |Out<23>        |    7.780|
In2<18>        |Out<24>        |    7.832|
In2<18>        |Out<25>        |    7.781|
In2<18>        |Out<26>        |    7.541|
In2<18>        |Out<27>        |    8.022|
In2<18>        |Out<28>        |    7.879|
In2<18>        |Out<29>        |    7.900|
In2<18>        |Out<30>        |    7.762|
In2<18>        |Out<31>        |    8.020|
In2<19>        |Out<19>        |    8.642|
In2<19>        |Out<20>        |    8.685|
In2<19>        |Out<21>        |    8.733|
In2<19>        |Out<22>        |    8.607|
In2<19>        |Out<23>        |    8.901|
In2<19>        |Out<24>        |    8.953|
In2<19>        |Out<25>        |    8.902|
In2<19>        |Out<26>        |    8.662|
In2<19>        |Out<27>        |    9.143|
In2<19>        |Out<28>        |    9.000|
In2<19>        |Out<29>        |    9.021|
In2<19>        |Out<30>        |    8.883|
In2<19>        |Out<31>        |    9.141|
In2<20>        |Out<20>        |    6.986|
In2<20>        |Out<21>        |    7.081|
In2<20>        |Out<22>        |    7.101|
In2<20>        |Out<23>        |    7.386|
In2<20>        |Out<24>        |    7.508|
In2<20>        |Out<25>        |    7.457|
In2<20>        |Out<26>        |    7.217|
In2<20>        |Out<27>        |    7.698|
In2<20>        |Out<28>        |    7.555|
In2<20>        |Out<29>        |    7.576|
In2<20>        |Out<30>        |    7.438|
In2<20>        |Out<31>        |    7.696|
In2<21>        |Out<21>        |    7.296|
In2<21>        |Out<22>        |    7.474|
In2<21>        |Out<23>        |    7.760|
In2<21>        |Out<24>        |    7.878|
In2<21>        |Out<25>        |    7.827|
In2<21>        |Out<26>        |    7.587|
In2<21>        |Out<27>        |    8.068|
In2<21>        |Out<28>        |    7.925|
In2<21>        |Out<29>        |    7.946|
In2<21>        |Out<30>        |    7.808|
In2<21>        |Out<31>        |    8.066|
In2<22>        |Out<22>        |    6.914|
In2<22>        |Out<23>        |    7.229|
In2<22>        |Out<24>        |    7.446|
In2<22>        |Out<25>        |    7.395|
In2<22>        |Out<26>        |    7.155|
In2<22>        |Out<27>        |    7.636|
In2<22>        |Out<28>        |    7.493|
In2<22>        |Out<29>        |    7.514|
In2<22>        |Out<30>        |    7.376|
In2<22>        |Out<31>        |    7.634|
In2<23>        |Out<23>        |    7.234|
In2<23>        |Out<24>        |    7.524|
In2<23>        |Out<25>        |    7.473|
In2<23>        |Out<26>        |    7.233|
In2<23>        |Out<27>        |    7.714|
In2<23>        |Out<28>        |    7.571|
In2<23>        |Out<29>        |    7.592|
In2<23>        |Out<30>        |    7.454|
In2<23>        |Out<31>        |    7.712|
In2<24>        |Out<24>        |    7.498|
In2<24>        |Out<25>        |    7.494|
In2<24>        |Out<26>        |    7.400|
In2<24>        |Out<27>        |    7.872|
In2<24>        |Out<28>        |    7.799|
In2<24>        |Out<29>        |    7.820|
In2<24>        |Out<30>        |    7.682|
In2<24>        |Out<31>        |    7.940|
In2<25>        |Out<25>        |    7.078|
In2<25>        |Out<26>        |    7.142|
In2<25>        |Out<27>        |    7.615|
In2<25>        |Out<28>        |    7.538|
In2<25>        |Out<29>        |    7.559|
In2<25>        |Out<30>        |    7.421|
In2<25>        |Out<31>        |    7.679|
In2<26>        |Out<26>        |    7.104|
In2<26>        |Out<27>        |    7.606|
In2<26>        |Out<28>        |    7.628|
In2<26>        |Out<29>        |    7.649|
In2<26>        |Out<30>        |    7.511|
In2<26>        |Out<31>        |    7.769|
In2<27>        |Out<27>        |    7.319|
In2<27>        |Out<28>        |    7.414|
In2<27>        |Out<29>        |    7.435|
In2<27>        |Out<30>        |    7.297|
In2<27>        |Out<31>        |    7.555|
In2<28>        |Out<28>        |    7.403|
In2<28>        |Out<29>        |    7.471|
In2<28>        |Out<30>        |    7.479|
In2<28>        |Out<31>        |    7.728|
In2<29>        |Out<29>        |    7.539|
In2<29>        |Out<30>        |    7.705|
In2<29>        |Out<31>        |    7.955|
In2<30>        |Out<30>        |    7.472|
In2<30>        |Out<31>        |    7.751|
In2<31>        |Out<31>        |    7.687|
---------------+---------------+---------+


Analysis completed Thu May 02 22:02:31 2013 
--------------------------------------------------------------------------------

Trace Settings:
-------------------------
Trace Settings 

Peak Memory Usage: 633 MB



